src/components/admin/AdminStudentsModal.tsx(2,51): error TS6133: 'Phone' is declared but its value is never read.
src/components/admin/AdminStudentsModal.tsx(2,58): error TS6133: 'Calendar' is declared but its value is never read.
src/components/admin/AdminStudentsModal.tsx(4,1): error TS6133: 'axios' is declared but its value is never read.
src/components/admin/AdminStudentsModal.tsx(5,1): error TS6133: 'API' is declared but its value is never read.
src/components/admin/AdminStudentsModal.tsx(29,55): error TS6133: 'token' is declared but its value is never read.
src/components/admin/PlacementSyncTab.tsx(79,25): error TS2345: Argument of type '{ assignedCompany: any; assignedPosition: any; siteSupervisorName: any; siteSupervisorEmail: any; siteSupervisorPhone: any; }' is not assignable to parameter of type 'SetStateAction<{ assignedCompany: string; assignedPosition: string; siteSupervisorName: string; siteSupervisorEmail: string; siteSupervisorPhone: string; assignedCompanyId: string; }>'.
  Property 'assignedCompanyId' is missing in type '{ assignedCompany: any; assignedPosition: any; siteSupervisorName: any; siteSupervisorEmail: any; siteSupervisorPhone: any; }' but required in type '{ assignedCompany: string; assignedPosition: string; siteSupervisorName: string; siteSupervisorEmail: string; siteSupervisorPhone: string; assignedCompanyId: string; }'.
src/components/admin/PlacementSyncTab.tsx(146,21): error TS2345: Argument of type '{ assignedCompany: string; assignedPosition: string; siteSupervisorName: string; siteSupervisorEmail: string; siteSupervisorPhone: string; }' is not assignable to parameter of type 'SetStateAction<{ assignedCompany: string; assignedPosition: string; siteSupervisorName: string; siteSupervisorEmail: string; siteSupervisorPhone: string; assignedCompanyId: string; }>'.
  Property 'assignedCompanyId' is missing in type '{ assignedCompany: string; assignedPosition: string; siteSupervisorName: string; siteSupervisorEmail: string; siteSupervisorPhone: string; }' but required in type '{ assignedCompany: string; assignedPosition: string; siteSupervisorName: string; siteSupervisorEmail: string; siteSupervisorPhone: string; assignedCompanyId: string; }'.
src/components/admin/PlacementSyncTab.tsx(162,21): error TS2345: Argument of type '{ assignedCompany: string; assignedPosition: string; siteSupervisorName: string; siteSupervisorEmail: string; siteSupervisorPhone: string; }' is not assignable to parameter of type 'SetStateAction<{ assignedCompany: string; assignedPosition: string; siteSupervisorName: string; siteSupervisorEmail: string; siteSupervisorPhone: string; assignedCompanyId: string; }>'.
  Property 'assignedCompanyId' is missing in type '{ assignedCompany: string; assignedPosition: string; siteSupervisorName: string; siteSupervisorEmail: string; siteSupervisorPhone: string; }' but required in type '{ assignedCompany: string; assignedPosition: string; siteSupervisorName: string; siteSupervisorEmail: string; siteSupervisorPhone: string; assignedCompanyId: string; }'.
src/pages/AdminDashboard.tsx(3,1): error TS6133: 'useNavigate' is declared but its value is never read.
src/pages/AdminDashboard.tsx(66,34): error TS6133: 'setDeleteFacultyLoading' is declared but its value is never read.
